Analysis & Synthesis report for calculadora_binaria
Wed Jul 31 01:38:05 2019
Quartus II Version 9.0 Build 235 06/17/2009 Service Pack 2 SJ Web Edition


---------------------
; Table of Contents ;
---------------------
  1. Legal Notice
  2. Analysis & Synthesis Summary
  3. Analysis & Synthesis Settings
  4. Analysis & Synthesis Source Files Read
  5. Analysis & Synthesis Resource Usage Summary
  6. Analysis & Synthesis Resource Utilization by Entity
  7. Registers Removed During Synthesis
  8. General Register Statistics
  9. Analysis & Synthesis Messages



----------------
; Legal Notice ;
----------------
Copyright (C) 1991-2009 Altera Corporation
Your use of Altera Corporation's design tools, logic functions 
and other software and tools, and its AMPP partner logic 
functions, and any output files from any of the foregoing 
(including device programming or simulation files), and any 
associated documentation or information are expressly subject 
to the terms and conditions of the Altera Program License 
Subscription Agreement, Altera MegaCore Function License 
Agreement, or other applicable license agreement, including, 
without limitation, that your use is for the sole purpose of 
programming logic devices manufactured by Altera and sold by 
Altera or its authorized distributors.  Please refer to the 
applicable agreement for further details.



+----------------------------------------------------------------------------+
; Analysis & Synthesis Summary                                               ;
+-----------------------------+----------------------------------------------+
; Analysis & Synthesis Status ; Successful - Wed Jul 31 01:38:05 2019        ;
; Quartus II Version          ; 9.0 Build 235 06/17/2009 SP 2 SJ Web Edition ;
; Revision Name               ; calculadora_binaria                          ;
; Top-level Entity Name       ; calculadora_binaria                          ;
; Family                      ; ACEX1K                                       ;
; Total logic elements        ; 68                                           ;
; Total pins                  ; 24                                           ;
; Total memory bits           ; 0                                            ;
; Total PLLs                  ; 0                                            ;
+-----------------------------+----------------------------------------------+


+----------------------------------------------------------------------------------------------------------+
; Analysis & Synthesis Settings                                                                            ;
+--------------------------------------------------------------+---------------------+---------------------+
; Option                                                       ; Setting             ; Default Value       ;
+--------------------------------------------------------------+---------------------+---------------------+
; Device                                                       ; EP1K100QC208-3      ;                     ;
; Top-level entity name                                        ; calculadora_binaria ; calculadora_binaria ;
; Family name                                                  ; ACEX1K              ; Stratix II          ;
; Use Generated Physical Constraints File                      ; Off                 ;                     ;
; Use smart compilation                                        ; Off                 ; Off                 ;
; Create Debugging Nodes for IP Cores                          ; Off                 ; Off                 ;
; Preserve fewer node names                                    ; On                  ; On                  ;
; Disable OpenCore Plus hardware evaluation                    ; Off                 ; Off                 ;
; Verilog Version                                              ; Verilog_2001        ; Verilog_2001        ;
; VHDL Version                                                 ; VHDL93              ; VHDL93              ;
; State Machine Processing                                     ; Auto                ; Auto                ;
; Safe State Machine                                           ; Off                 ; Off                 ;
; Extract Verilog State Machines                               ; On                  ; On                  ;
; Extract VHDL State Machines                                  ; On                  ; On                  ;
; Ignore Verilog initial constructs                            ; Off                 ; Off                 ;
; Iteration limit for constant Verilog loops                   ; 5000                ; 5000                ;
; Iteration limit for non-constant Verilog loops               ; 250                 ; 250                 ;
; Add Pass-Through Logic to Inferred RAMs                      ; On                  ; On                  ;
; Parallel Synthesis                                           ; Off                 ; Off                 ;
; NOT Gate Push-Back                                           ; On                  ; On                  ;
; Power-Up Don't Care                                          ; On                  ; On                  ;
; Remove Redundant Logic Cells                                 ; Off                 ; Off                 ;
; Remove Duplicate Registers                                   ; On                  ; On                  ;
; Ignore CARRY Buffers                                         ; Off                 ; Off                 ;
; Ignore CASCADE Buffers                                       ; Off                 ; Off                 ;
; Ignore GLOBAL Buffers                                        ; Off                 ; Off                 ;
; Ignore ROW GLOBAL Buffers                                    ; Off                 ; Off                 ;
; Ignore LCELL Buffers                                         ; Off                 ; Off                 ;
; Ignore SOFT Buffers                                          ; On                  ; On                  ;
; Limit AHDL Integers to 32 Bits                               ; Off                 ; Off                 ;
; Auto Implement in ROM                                        ; Off                 ; Off                 ;
; Optimization Technique                                       ; Area                ; Area                ;
; Carry Chain Length                                           ; 32                  ; 32                  ;
; Cascade Chain Length                                         ; 2                   ; 2                   ;
; Auto Carry Chains                                            ; On                  ; On                  ;
; Auto Open-Drain Pins                                         ; On                  ; On                  ;
; Auto ROM Replacement                                         ; On                  ; On                  ;
; Auto RAM Replacement                                         ; On                  ; On                  ;
; Auto Clock Enable Replacement                                ; On                  ; On                  ;
; Strict RAM Replacement                                       ; Off                 ; Off                 ;
; Auto Resource Sharing                                        ; Off                 ; Off                 ;
; Allow Any RAM Size For Recognition                           ; Off                 ; Off                 ;
; Allow Any ROM Size For Recognition                           ; Off                 ; Off                 ;
; Use LogicLock Constraints during Resource Balancing          ; On                  ; On                  ;
; Ignore translate_off and synthesis_off directives            ; Off                 ; Off                 ;
; Show Parameter Settings Tables in Synthesis Report           ; On                  ; On                  ;
; HDL message level                                            ; Level2              ; Level2              ;
; Suppress Register Optimization Related Messages              ; Off                 ; Off                 ;
; Number of Removed Registers Reported in Synthesis Report     ; 100                 ; 100                 ;
; Number of Inverted Registers Reported in Synthesis Report    ; 100                 ; 100                 ;
; Block Design Naming                                          ; Auto                ; Auto                ;
; Synthesis Effort                                             ; Auto                ; Auto                ;
; Shift Register Replacement - Allow Asynchronous Clear Signal ; On                  ; On                  ;
; Analysis & Synthesis Message Level                           ; Medium              ; Medium              ;
+--------------------------------------------------------------+---------------------+---------------------+


+-----------------------------------------------------------------------------------------------------------------------------------------------------------------+
; Analysis & Synthesis Source Files Read                                                                                                                          ;
+----------------------------------+-----------------+------------------------------------+-----------------------------------------------------------------------+
; File Name with User-Entered Path ; Used in Netlist ; File Type                          ; File Name with Absolute Path                                          ;
+----------------------------------+-----------------+------------------------------------+-----------------------------------------------------------------------+
; calculadora_binaria.bdf          ; yes             ; User Block Diagram/Schematic File  ; C:/Users/danie/Pictures/calculadora_binaria/calculadora_binaria.bdf   ;
; multiplexador.bdf                ; yes             ; User Block Diagram/Schematic File  ; C:/Users/danie/Pictures/calculadora_binaria/multiplexador.bdf         ;
; divisor_de_clock.bdf             ; yes             ; User Block Diagram/Schematic File  ; C:/Users/danie/Pictures/calculadora_binaria/divisor_de_clock.bdf      ;
; registrador.bdf                  ; yes             ; User Block Diagram/Schematic File  ; C:/Users/danie/Pictures/calculadora_binaria/registrador.bdf           ;
; demultiplexador.bdf              ; yes             ; User Block Diagram/Schematic File  ; C:/Users/danie/Pictures/calculadora_binaria/demultiplexador.bdf       ;
; decodificador_parcela.bdf        ; yes             ; User Block Diagram/Schematic File  ; C:/Users/danie/Pictures/calculadora_binaria/decodificador_parcela.bdf ;
; contador.bdf                     ; yes             ; User Block Diagram/Schematic File  ; C:/Users/danie/Pictures/calculadora_binaria/contador.bdf              ;
; somador_completo.bdf             ; yes             ; User Block Diagram/Schematic File  ; C:/Users/danie/Pictures/calculadora_binaria/somador_completo.bdf      ;
; soma_e_subtracao.bdf             ; yes             ; User Block Diagram/Schematic File  ; C:/Users/danie/Pictures/calculadora_binaria/soma_e_subtracao.bdf      ;
; dec_result_dezena.bdf            ; yes             ; User Block Diagram/Schematic File  ; C:/Users/danie/Pictures/calculadora_binaria/dec_result_dezena.bdf     ;
+----------------------------------+-----------------+------------------------------------+-----------------------------------------------------------------------+


+------------------------------------------------------+
; Analysis & Synthesis Resource Usage Summary          ;
+--------------------------------+---------------------+
; Resource                       ; Usage               ;
+--------------------------------+---------------------+
; Total logic elements           ; 68                  ;
; Total combinational functions  ; 60                  ;
;     -- Total 4-input functions ; 31                  ;
;     -- Total 3-input functions ; 4                   ;
;     -- Total 2-input functions ; 5                   ;
;     -- Total 1-input functions ; 20                  ;
;     -- Total 0-input functions ; 0                   ;
; Total registers                ; 33                  ;
; I/O pins                       ; 24                  ;
; Maximum fan-out node           ; contador:inst1|inst ;
; Maximum fan-out                ; 14                  ;
; Total fan-out                  ; 221                 ;
; Average fan-out                ; 2.40                ;
+--------------------------------+---------------------+


+--------------------------------------------------------------------------------------------------------------------------------------------------------------------------------------------------------------------------------------------------------------+
; Analysis & Synthesis Resource Utilization by Entity                                                                                                                                                                                                          ;
+---------------------------------+-------------+--------------+-------------+------+--------------+-------------------+------------------+-----------------+------------+----------------------------------------------------------------------+--------------+
; Compilation Hierarchy Node      ; Logic Cells ; LC Registers ; Memory Bits ; Pins ; LUT-Only LCs ; Register-Only LCs ; LUT/Register LCs ; Carry Chain LCs ; Packed LCs ; Full Hierarchy Name                                                  ; Library Name ;
+---------------------------------+-------------+--------------+-------------+------+--------------+-------------------+------------------+-----------------+------------+----------------------------------------------------------------------+--------------+
; |calculadora_binaria            ; 68 (0)      ; 33           ; 0           ; 24   ; 35 (0)       ; 8 (0)             ; 25 (0)           ; 0 (0)           ; 0 (0)      ; |calculadora_binaria                                                 ; work         ;
;    |contador:inst1|             ; 2 (2)       ; 2            ; 0           ; 0    ; 0 (0)        ; 0 (0)             ; 2 (2)            ; 0 (0)           ; 0 (0)      ; |calculadora_binaria|contador:inst1                                  ; work         ;
;    |demultiplexador:inst3|      ; 2 (2)       ; 0            ; 0           ; 0    ; 2 (2)        ; 0 (0)             ; 0 (0)            ; 0 (0)           ; 0 (0)      ; |calculadora_binaria|demultiplexador:inst3                           ; work         ;
;    |divisor_de_clock:inst4|     ; 18 (18)     ; 18           ; 0           ; 0    ; 0 (0)        ; 0 (0)             ; 18 (18)          ; 0 (0)           ; 0 (0)      ; |calculadora_binaria|divisor_de_clock:inst4                          ; work         ;
;    |multiplexador:inst5|        ; 30 (30)     ; 0            ; 0           ; 0    ; 30 (30)      ; 0 (0)             ; 0 (0)            ; 0 (0)           ; 0 (0)      ; |calculadora_binaria|multiplexador:inst5                             ; work         ;
;    |registrador:inst10|         ; 4 (4)       ; 4            ; 0           ; 0    ; 0 (0)        ; 4 (4)             ; 0 (0)            ; 0 (0)           ; 0 (0)      ; |calculadora_binaria|registrador:inst10                              ; work         ;
;    |registrador:inst11|         ; 1 (1)       ; 1            ; 0           ; 0    ; 0 (0)        ; 0 (0)             ; 1 (1)            ; 0 (0)           ; 0 (0)      ; |calculadora_binaria|registrador:inst11                              ; work         ;
;    |registrador:inst9|          ; 4 (4)       ; 4            ; 0           ; 0    ; 0 (0)        ; 0 (0)             ; 4 (4)            ; 0 (0)           ; 0 (0)      ; |calculadora_binaria|registrador:inst9                               ; work         ;
;    |registrador:inst|           ; 4 (4)       ; 4            ; 0           ; 0    ; 0 (0)        ; 4 (4)             ; 0 (0)            ; 0 (0)           ; 0 (0)      ; |calculadora_binaria|registrador:inst                                ; work         ;
;    |soma_e_subtracao:inst27|    ; 3 (0)       ; 0            ; 0           ; 0    ; 3 (0)        ; 0 (0)             ; 0 (0)            ; 0 (0)           ; 0 (0)      ; |calculadora_binaria|soma_e_subtracao:inst27                         ; work         ;
;       |somador_completo:inst12| ; 1 (1)       ; 0            ; 0           ; 0    ; 1 (1)        ; 0 (0)             ; 0 (0)            ; 0 (0)           ; 0 (0)      ; |calculadora_binaria|soma_e_subtracao:inst27|somador_completo:inst12 ; work         ;
;       |somador_completo:inst13| ; 1 (1)       ; 0            ; 0           ; 0    ; 1 (1)        ; 0 (0)             ; 0 (0)            ; 0 (0)           ; 0 (0)      ; |calculadora_binaria|soma_e_subtracao:inst27|somador_completo:inst13 ; work         ;
;       |somador_completo:inst14| ; 1 (1)       ; 0            ; 0           ; 0    ; 1 (1)        ; 0 (0)             ; 0 (0)            ; 0 (0)           ; 0 (0)      ; |calculadora_binaria|soma_e_subtracao:inst27|somador_completo:inst14 ; work         ;
+---------------------------------+-------------+--------------+-------------+------+--------------+-------------------+------------------+-----------------+------------+----------------------------------------------------------------------+--------------+
Note: For table entries with two numbers listed, the numbers in parentheses indicate the number of resources of the given type used by the specific entity alone. The numbers listed outside of parentheses indicate the total resources of the given type used by the specific entity and all of its sub-entities in the hierarchy.


+-----------------------------------------------------------------------------+
; Registers Removed During Synthesis                                          ;
+---------------------------------------+-------------------------------------+
; Register name                         ; Reason for Removal                  ;
+---------------------------------------+-------------------------------------+
; registrador:inst11|inst4              ; Merged with registrador:inst11|inst ;
; registrador:inst11|inst5              ; Merged with registrador:inst11|inst ;
; registrador:inst11|inst6              ; Merged with registrador:inst11|inst ;
; Total Number of Removed Registers = 3 ;                                     ;
+---------------------------------------+-------------------------------------+


+------------------------------------------------------+
; General Register Statistics                          ;
+----------------------------------------------+-------+
; Statistic                                    ; Value ;
+----------------------------------------------+-------+
; Total registers                              ; 33    ;
; Number of registers using Synchronous Clear  ; 0     ;
; Number of registers using Synchronous Load   ; 0     ;
; Number of registers using Asynchronous Clear ; 0     ;
; Number of registers using Asynchronous Load  ; 0     ;
; Number of registers using Clock Enable       ; 0     ;
; Number of registers using Preset             ; 0     ;
+----------------------------------------------+-------+


+-------------------------------+
; Analysis & Synthesis Messages ;
+-------------------------------+
Info: *******************************************************************
Info: Running Quartus II Analysis & Synthesis
    Info: Version 9.0 Build 235 06/17/2009 Service Pack 2 SJ Web Edition
    Info: Processing started: Wed Jul 31 01:38:02 2019
Info: Command: quartus_map --read_settings_files=on --write_settings_files=off calculadora_binaria -c calculadora_binaria
Info: Found 1 design units, including 1 entities, in source file calculadora_binaria.bdf
    Info: Found entity 1: calculadora_binaria
Info: Found 1 design units, including 1 entities, in source file multiplexador.bdf
    Info: Found entity 1: multiplexador
Info: Found 1 design units, including 1 entities, in source file divisor_de_clock.bdf
    Info: Found entity 1: divisor_de_clock
Info: Found 1 design units, including 1 entities, in source file registrador.bdf
    Info: Found entity 1: registrador
Info: Found 1 design units, including 1 entities, in source file demultiplexador.bdf
    Info: Found entity 1: demultiplexador
Info: Found 1 design units, including 1 entities, in source file decodificador_parcela.bdf
    Info: Found entity 1: decodificador_parcela
Info: Found 1 design units, including 1 entities, in source file contador.bdf
    Info: Found entity 1: contador
Info: Found 1 design units, including 1 entities, in source file somador_completo.bdf
    Info: Found entity 1: somador_completo
Info: Found 1 design units, including 1 entities, in source file soma_e_subtracao.bdf
    Info: Found entity 1: soma_e_subtracao
Info: Found 1 design units, including 1 entities, in source file dec_result_dezena.bdf
    Info: Found entity 1: dec_result_dezena
Info: Elaborating entity "calculadora_binaria" for the top level hierarchy
Info: Elaborating entity "multiplexador" for hierarchy "multiplexador:inst5"
Info: Elaborating entity "decodificador_parcela" for hierarchy "decodificador_parcela:inst25"
Info: Elaborating entity "registrador" for hierarchy "registrador:inst"
Info: Elaborating entity "dec_result_dezena" for hierarchy "dec_result_dezena:inst2"
Info: Elaborating entity "soma_e_subtracao" for hierarchy "soma_e_subtracao:inst27"
Info: Elaborating entity "somador_completo" for hierarchy "soma_e_subtracao:inst27|somador_completo:inst12"
Info: Elaborating entity "contador" for hierarchy "contador:inst1"
Info: Elaborating entity "divisor_de_clock" for hierarchy "divisor_de_clock:inst4"
Info: Elaborating entity "demultiplexador" for hierarchy "demultiplexador:inst3"
Info: Implemented 92 device resources after synthesis - the final resource count might be different
    Info: Implemented 12 input pins
    Info: Implemented 12 output pins
    Info: Implemented 68 logic cells
Info: Quartus II Analysis & Synthesis was successful. 0 errors, 0 warnings
    Info: Peak virtual memory: 215 megabytes
    Info: Processing ended: Wed Jul 31 01:38:06 2019
    Info: Elapsed time: 00:00:04
    Info: Total CPU time (on all processors): 00:00:02


